SOURCE_HORIZONTAL
0: Start: (9,8888), End: (11,8888), Generation: (7777,14)
1: Start: (7777,10), End: (7777,12), Generation: (13,8888)
X: 7777, Y: 8888
 => 0
SOURCE_HORIZONTAL
0: Start: (9,8887), End: (11,8889), Generation: (7777,14)
1: Start: (7776,10), End: (7778,12), Generation: (13,8888)
X: 7777, Y: 8888
 => 0
DESTINATION_HORIZONTAL
0: Start: (9,8888), End: (11,8888), Generation: (7777,14)
1: Start: (7777,10), End: (7777,12), Generation: (13,8888)
X: 7777, Y: 8888
 => 0
DESTINATION_HORIZONTAL
0: Start: (9,8887), End: (11,8889), Generation: (7777,14)
1: Start: (7776,10), End: (7778,12), Generation: (13,8888)
X: 7777, Y: 8888
 => 0
DESTINATION_VERTICAL
0: Start: (9,8888), End: (11,8888), Generation: (7777,14)
1: Start: (7777,10), End: (7777,12), Generation: (13,8888)
X: 7777, Y: 8888
 => 1
DESTINATION_VERTICAL
0: Start: (9,8887), End: (11,8889), Generation: (7777,14)
1: Start: (7776,10), End: (7778,12), Generation: (13,8888)
X: 7777, Y: 8888
 => 1
