args: (1, 4, 'thing1') => '1, 4, thing1'
args: (1, 4, 'thing2') => '1, 4, thing2'
args: (1, 5, 'thing1') => '1, 5, thing1'
args: (1, 5, 'thing2') => '1, 5, thing2'
args: (2, 4, 'thing1') => '2, 4, thing1'
args: (2, 4, 'thing2') => '2, 4, thing2'
args: (2, 5, 'thing1') => '2, 5, thing1'
args: (2, 5, 'thing2') => '2, 5, thing2'
